[0.106s] DEBUG:colcon:Command line arguments: ['/home/eia/.local/bin/colcon', 'build', '--symlink-install']
[0.106s] DEBUG:colcon:Parsed command line arguments: Namespace(log_base=None, log_level=None, verb_name='build', build_base='build', install_base='install', merge_install=False, symlink_install=True, test_result_base=None, continue_on_error=False, executor='parallel', parallel_workers=12, event_handlers=None, ignore_user_meta=False, metas=['./colcon.meta'], base_paths=['.'], packages_ignore=None, packages_ignore_regex=None, paths=None, packages_up_to=None, packages_up_to_regex=None, packages_above=None, packages_above_and_dependencies=None, packages_above_depth=None, packages_select_by_dep=None, packages_skip_by_dep=None, packages_skip_up_to=None, packages_select_build_failed=False, packages_skip_build_finished=False, packages_select_test_failures=False, packages_skip_test_passed=False, packages_select=None, packages_skip=None, packages_select_regex=None, packages_skip_regex=None, packages_start=None, packages_end=None, cmake_args=None, cmake_target=None, cmake_target_skip_unavailable=False, cmake_clean_cache=False, cmake_clean_first=False, cmake_force_configure=False, ament_cmake_args=None, catkin_cmake_args=None, catkin_skip_building_tests=False, verb_parser=<colcon_defaults.argument_parser.defaults.DefaultArgumentsDecorator object at 0x7ee8dca394b0>, verb_extension=<colcon_core.verb.build.BuildVerb object at 0x7ee8dcbbe080>, main=<bound method BuildVerb.main of <colcon_core.verb.build.BuildVerb object at 0x7ee8dcbbe080>>)
[0.137s] Level 1:colcon.colcon_core.package_discovery:discover_packages(colcon_meta) check parameters
[0.137s] Level 1:colcon.colcon_core.package_discovery:discover_packages(recursive) check parameters
[0.137s] Level 1:colcon.colcon_core.package_discovery:discover_packages(ignore) check parameters
[0.137s] Level 1:colcon.colcon_core.package_discovery:discover_packages(path) check parameters
[0.137s] Level 1:colcon.colcon_core.package_discovery:discover_packages(colcon_meta) discover
[0.137s] Level 1:colcon.colcon_core.package_discovery:discover_packages(recursive) discover
[0.137s] INFO:colcon.colcon_core.package_discovery:Crawling recursively for packages in '/home/eia/ros2_mujoco_integration'
[0.137s] Level 1:colcon.colcon_core.package_identification:_identify(.) by extensions ['ignore', 'ignore_ament_install']
[0.137s] Level 1:colcon.colcon_core.package_identification:_identify(.) by extension 'ignore'
[0.137s] Level 1:colcon.colcon_core.package_identification:_identify(.) by extension 'ignore_ament_install'
[0.137s] Level 1:colcon.colcon_core.package_identification:_identify(.) by extensions ['colcon_pkg']
[0.137s] Level 1:colcon.colcon_core.package_identification:_identify(.) by extension 'colcon_pkg'
[0.137s] Level 1:colcon.colcon_core.package_identification:_identify(.) by extensions ['colcon_meta']
[0.137s] Level 1:colcon.colcon_core.package_identification:_identify(.) by extension 'colcon_meta'
[0.137s] Level 1:colcon.colcon_core.package_identification:_identify(.) by extensions ['ros']
[0.137s] Level 1:colcon.colcon_core.package_identification:_identify(.) by extension 'ros'
[0.149s] Level 1:colcon.colcon_core.package_identification:_identify(.) by extensions ['cmake', 'python']
[0.149s] Level 1:colcon.colcon_core.package_identification:_identify(.) by extension 'cmake'
[0.149s] Level 1:colcon.colcon_core.package_identification:_identify(.) by extension 'python'
[0.149s] Level 1:colcon.colcon_core.package_identification:_identify(.) by extensions ['python_setup_py']
[0.149s] Level 1:colcon.colcon_core.package_identification:_identify(.) by extension 'python_setup_py'
[0.149s] Level 1:colcon.colcon_core.package_identification:_identify(build) by extensions ['ignore', 'ignore_ament_install']
[0.150s] Level 1:colcon.colcon_core.package_identification:_identify(build) by extension 'ignore'
[0.150s] Level 1:colcon.colcon_core.package_identification:_identify(build) ignored
[0.150s] Level 1:colcon.colcon_core.package_identification:_identify(install) by extensions ['ignore', 'ignore_ament_install']
[0.150s] Level 1:colcon.colcon_core.package_identification:_identify(install) by extension 'ignore'
[0.150s] Level 1:colcon.colcon_core.package_identification:_identify(install) ignored
[0.150s] Level 1:colcon.colcon_core.package_identification:_identify(log) by extensions ['ignore', 'ignore_ament_install']
[0.150s] Level 1:colcon.colcon_core.package_identification:_identify(log) by extension 'ignore'
[0.150s] Level 1:colcon.colcon_core.package_identification:_identify(log) ignored
[0.150s] Level 1:colcon.colcon_core.package_identification:_identify(src) by extensions ['ignore', 'ignore_ament_install']
[0.150s] Level 1:colcon.colcon_core.package_identification:_identify(src) by extension 'ignore'
[0.150s] Level 1:colcon.colcon_core.package_identification:_identify(src) by extension 'ignore_ament_install'
[0.150s] Level 1:colcon.colcon_core.package_identification:_identify(src) by extensions ['colcon_pkg']
[0.150s] Level 1:colcon.colcon_core.package_identification:_identify(src) by extension 'colcon_pkg'
[0.150s] Level 1:colcon.colcon_core.package_identification:_identify(src) by extensions ['colcon_meta']
[0.150s] Level 1:colcon.colcon_core.package_identification:_identify(src) by extension 'colcon_meta'
[0.150s] Level 1:colcon.colcon_core.package_identification:_identify(src) by extensions ['ros']
[0.150s] Level 1:colcon.colcon_core.package_identification:_identify(src) by extension 'ros'
[0.150s] Level 1:colcon.colcon_core.package_identification:_identify(src) by extensions ['cmake', 'python']
[0.150s] Level 1:colcon.colcon_core.package_identification:_identify(src) by extension 'cmake'
[0.150s] Level 1:colcon.colcon_core.package_identification:_identify(src) by extension 'python'
[0.150s] Level 1:colcon.colcon_core.package_identification:_identify(src) by extensions ['python_setup_py']
[0.151s] Level 1:colcon.colcon_core.package_identification:_identify(src) by extension 'python_setup_py'
[0.151s] Level 1:colcon.colcon_core.package_identification:_identify(src/amr_reactive_control) by extensions ['ignore', 'ignore_ament_install']
[0.151s] Level 1:colcon.colcon_core.package_identification:_identify(src/amr_reactive_control) by extension 'ignore'
[0.151s] Level 1:colcon.colcon_core.package_identification:_identify(src/amr_reactive_control) by extension 'ignore_ament_install'
[0.151s] Level 1:colcon.colcon_core.package_identification:_identify(src/amr_reactive_control) by extensions ['colcon_pkg']
[0.151s] Level 1:colcon.colcon_core.package_identification:_identify(src/amr_reactive_control) by extension 'colcon_pkg'
[0.151s] Level 1:colcon.colcon_core.package_identification:_identify(src/amr_reactive_control) by extensions ['colcon_meta']
[0.151s] Level 1:colcon.colcon_core.package_identification:_identify(src/amr_reactive_control) by extension 'colcon_meta'
[0.151s] Level 1:colcon.colcon_core.package_identification:_identify(src/amr_reactive_control) by extensions ['ros']
[0.151s] Level 1:colcon.colcon_core.package_identification:_identify(src/amr_reactive_control) by extension 'ros'
[0.153s] DEBUG:colcon.colcon_core.package_identification:Package 'src/amr_reactive_control' with type 'ros.ament_python' and name 'amr_reactive_control'
[0.153s] Level 1:colcon.colcon_core.package_identification:_identify(src/amr_sim_2511_charlie) by extensions ['ignore', 'ignore_ament_install']
[0.153s] Level 1:colcon.colcon_core.package_identification:_identify(src/amr_sim_2511_charlie) by extension 'ignore'
[0.153s] Level 1:colcon.colcon_core.package_identification:_identify(src/amr_sim_2511_charlie) by extension 'ignore_ament_install'
[0.153s] Level 1:colcon.colcon_core.package_identification:_identify(src/amr_sim_2511_charlie) by extensions ['colcon_pkg']
[0.153s] Level 1:colcon.colcon_core.package_identification:_identify(src/amr_sim_2511_charlie) by extension 'colcon_pkg'
[0.153s] Level 1:colcon.colcon_core.package_identification:_identify(src/amr_sim_2511_charlie) by extensions ['colcon_meta']
[0.153s] Level 1:colcon.colcon_core.package_identification:_identify(src/amr_sim_2511_charlie) by extension 'colcon_meta'
[0.153s] Level 1:colcon.colcon_core.package_identification:_identify(src/amr_sim_2511_charlie) by extensions ['ros']
[0.153s] Level 1:colcon.colcon_core.package_identification:_identify(src/amr_sim_2511_charlie) by extension 'ros'
[0.153s] DEBUG:colcon.colcon_core.package_identification:Package 'src/amr_sim_2511_charlie' with type 'ros.ament_python' and name 'amr_sim_2511_charlie'
[0.154s] Level 1:colcon.colcon_core.package_discovery:discover_packages(recursive) using defaults
[0.154s] Level 1:colcon.colcon_core.package_discovery:discover_packages(ignore) discover
[0.154s] Level 1:colcon.colcon_core.package_discovery:discover_packages(ignore) using defaults
[0.154s] Level 1:colcon.colcon_core.package_discovery:discover_packages(path) discover
[0.154s] Level 1:colcon.colcon_core.package_discovery:discover_packages(path) using defaults
[0.170s] Level 5:colcon.colcon_core.verb:set package 'amr_reactive_control' build argument 'cmake_args' from command line to 'None'
[0.170s] Level 5:colcon.colcon_core.verb:set package 'amr_reactive_control' build argument 'cmake_target' from command line to 'None'
[0.170s] Level 5:colcon.colcon_core.verb:set package 'amr_reactive_control' build argument 'cmake_target_skip_unavailable' from command line to 'False'
[0.170s] Level 5:colcon.colcon_core.verb:set package 'amr_reactive_control' build argument 'cmake_clean_cache' from command line to 'False'
[0.170s] Level 5:colcon.colcon_core.verb:set package 'amr_reactive_control' build argument 'cmake_clean_first' from command line to 'False'
[0.170s] Level 5:colcon.colcon_core.verb:set package 'amr_reactive_control' build argument 'cmake_force_configure' from command line to 'False'
[0.170s] Level 5:colcon.colcon_core.verb:set package 'amr_reactive_control' build argument 'ament_cmake_args' from command line to 'None'
[0.170s] Level 5:colcon.colcon_core.verb:set package 'amr_reactive_control' build argument 'catkin_cmake_args' from command line to 'None'
[0.170s] Level 5:colcon.colcon_core.verb:set package 'amr_reactive_control' build argument 'catkin_skip_building_tests' from command line to 'False'
[0.170s] DEBUG:colcon.colcon_core.verb:Building package 'amr_reactive_control' with the following arguments: {'ament_cmake_args': None, 'build_base': '/home/eia/ros2_mujoco_integration/build/amr_reactive_control', 'catkin_cmake_args': None, 'catkin_skip_building_tests': False, 'cmake_args': None, 'cmake_clean_cache': False, 'cmake_clean_first': False, 'cmake_force_configure': False, 'cmake_target': None, 'cmake_target_skip_unavailable': False, 'install_base': '/home/eia/ros2_mujoco_integration/install/amr_reactive_control', 'merge_install': False, 'path': '/home/eia/ros2_mujoco_integration/src/amr_reactive_control', 'symlink_install': True, 'test_result_base': None}
[0.170s] Level 5:colcon.colcon_core.verb:set package 'amr_sim_2511_charlie' build argument 'cmake_args' from command line to 'None'
[0.170s] Level 5:colcon.colcon_core.verb:set package 'amr_sim_2511_charlie' build argument 'cmake_target' from command line to 'None'
[0.170s] Level 5:colcon.colcon_core.verb:set package 'amr_sim_2511_charlie' build argument 'cmake_target_skip_unavailable' from command line to 'False'
[0.170s] Level 5:colcon.colcon_core.verb:set package 'amr_sim_2511_charlie' build argument 'cmake_clean_cache' from command line to 'False'
[0.170s] Level 5:colcon.colcon_core.verb:set package 'amr_sim_2511_charlie' build argument 'cmake_clean_first' from command line to 'False'
[0.170s] Level 5:colcon.colcon_core.verb:set package 'amr_sim_2511_charlie' build argument 'cmake_force_configure' from command line to 'False'
[0.170s] Level 5:colcon.colcon_core.verb:set package 'amr_sim_2511_charlie' build argument 'ament_cmake_args' from command line to 'None'
[0.170s] Level 5:colcon.colcon_core.verb:set package 'amr_sim_2511_charlie' build argument 'catkin_cmake_args' from command line to 'None'
[0.170s] Level 5:colcon.colcon_core.verb:set package 'amr_sim_2511_charlie' build argument 'catkin_skip_building_tests' from command line to 'False'
[0.170s] DEBUG:colcon.colcon_core.verb:Building package 'amr_sim_2511_charlie' with the following arguments: {'ament_cmake_args': None, 'build_base': '/home/eia/ros2_mujoco_integration/build/amr_sim_2511_charlie', 'catkin_cmake_args': None, 'catkin_skip_building_tests': False, 'cmake_args': None, 'cmake_clean_cache': False, 'cmake_clean_first': False, 'cmake_force_configure': False, 'cmake_target': None, 'cmake_target_skip_unavailable': False, 'install_base': '/home/eia/ros2_mujoco_integration/install/amr_sim_2511_charlie', 'merge_install': False, 'path': '/home/eia/ros2_mujoco_integration/src/amr_sim_2511_charlie', 'symlink_install': True, 'test_result_base': None}
[0.171s] INFO:colcon.colcon_core.executor:Executing jobs using 'parallel' executor
[0.171s] DEBUG:colcon.colcon_parallel_executor.executor.parallel:run_until_complete
[0.172s] INFO:colcon.colcon_ros.task.ament_python.build:Building ROS package in '/home/eia/ros2_mujoco_integration/src/amr_reactive_control' with build type 'ament_python'
[0.172s] Level 1:colcon.colcon_core.shell:create_environment_hook('amr_reactive_control', 'ament_prefix_path')
[0.173s] INFO:colcon.colcon_core.plugin_system:Skipping extension 'colcon_core.shell.bat': Not used on non-Windows systems
[0.173s] INFO:colcon.colcon_core.shell:Creating environment hook '/home/eia/ros2_mujoco_integration/install/amr_reactive_control/share/amr_reactive_control/hook/ament_prefix_path.ps1'
[0.174s] INFO:colcon.colcon_core.shell:Creating environment descriptor '/home/eia/ros2_mujoco_integration/install/amr_reactive_control/share/amr_reactive_control/hook/ament_prefix_path.dsv'
[0.174s] INFO:colcon.colcon_core.shell:Creating environment hook '/home/eia/ros2_mujoco_integration/install/amr_reactive_control/share/amr_reactive_control/hook/ament_prefix_path.sh'
[0.175s] INFO:colcon.colcon_core.shell:Skip shell extension 'powershell' for command environment: Not usable outside of PowerShell
[0.175s] DEBUG:colcon.colcon_core.shell:Skip shell extension 'dsv' for command environment
[0.176s] WARNING:colcon.colcon_ros.prefix_path.ament:The path '/home/eia/ros2_mujoco_integration/install/amr_sim_2511_charlie' in the environment variable AMENT_PREFIX_PATH doesn't exist
[0.179s] INFO:colcon.colcon_ros.task.ament_python.build:Building ROS package in '/home/eia/ros2_mujoco_integration/src/amr_sim_2511_charlie' with build type 'ament_python'
[0.179s] Level 1:colcon.colcon_core.shell:create_environment_hook('amr_sim_2511_charlie', 'ament_prefix_path')
[0.179s] INFO:colcon.colcon_core.shell:Creating environment hook '/home/eia/ros2_mujoco_integration/install/amr_sim_2511_charlie/share/amr_sim_2511_charlie/hook/ament_prefix_path.ps1'
[0.179s] INFO:colcon.colcon_core.shell:Creating environment descriptor '/home/eia/ros2_mujoco_integration/install/amr_sim_2511_charlie/share/amr_sim_2511_charlie/hook/ament_prefix_path.dsv'
[0.180s] INFO:colcon.colcon_core.shell:Creating environment hook '/home/eia/ros2_mujoco_integration/install/amr_sim_2511_charlie/share/amr_sim_2511_charlie/hook/ament_prefix_path.sh'
[0.180s] INFO:colcon.colcon_core.shell:Skip shell extension 'powershell' for command environment: Not usable outside of PowerShell
[0.180s] DEBUG:colcon.colcon_core.shell:Skip shell extension 'dsv' for command environment
[0.356s] INFO:colcon.colcon_core.task.python.build:Building Python package in '/home/eia/ros2_mujoco_integration/src/amr_reactive_control'
[0.357s] INFO:colcon.colcon_core.shell:Skip shell extension 'powershell' for command environment: Not usable outside of PowerShell
[0.357s] DEBUG:colcon.colcon_core.shell:Skip shell extension 'dsv' for command environment
[0.535s] INFO:colcon.colcon_core.task.python.build:Building Python package in '/home/eia/ros2_mujoco_integration/src/amr_sim_2511_charlie'
[0.535s] INFO:colcon.colcon_core.shell:Skip shell extension 'powershell' for command environment: Not usable outside of PowerShell
[0.535s] DEBUG:colcon.colcon_core.shell:Skip shell extension 'dsv' for command environment
[1.005s] DEBUG:colcon.colcon_core.event_handler.log_command:Invoking command in '/home/eia/ros2_mujoco_integration/build/amr_reactive_control': PYTHONPATH=/home/eia/ros2_mujoco_integration/build/amr_reactive_control/prefix_override:/home/eia/.local/lib/python3.10/site-packages/colcon_core/task/python/colcon_distutils_commands:/home/eia/ros2_mujoco_integration/install/amr_reactive_control/lib/python3.10/site-packages:${PYTHONPATH} /usr/bin/python3 -W ignore:setup.py install is deprecated -W ignore:easy_install command is deprecated setup.py develop --editable --build-directory /home/eia/ros2_mujoco_integration/build/amr_reactive_control/build --no-deps symlink_data
[1.017s] DEBUG:colcon.colcon_core.event_handler.log_command:Invoking command in '/home/eia/ros2_mujoco_integration/build/amr_sim_2511_charlie': PYTHONPATH=/home/eia/ros2_mujoco_integration/build/amr_sim_2511_charlie/prefix_override:/home/eia/.local/lib/python3.10/site-packages/colcon_core/task/python/colcon_distutils_commands:/home/eia/ros2_mujoco_integration/install/amr_sim_2511_charlie/lib/python3.10/site-packages:${PYTHONPATH} /usr/bin/python3 -W ignore:setup.py install is deprecated -W ignore:easy_install command is deprecated setup.py develop --editable --build-directory /home/eia/ros2_mujoco_integration/build/amr_sim_2511_charlie/build --no-deps symlink_data
[1.543s] Level 1:colcon.colcon_core.shell:create_environment_hook('amr_reactive_control', 'pythonpath_develop')
[1.544s] INFO:colcon.colcon_core.shell:Creating environment hook '/home/eia/ros2_mujoco_integration/build/amr_reactive_control/share/amr_reactive_control/hook/pythonpath_develop.ps1'
[1.544s] DEBUG:colcon.colcon_core.event_handler.log_command:Invoked command in '/home/eia/ros2_mujoco_integration/build/amr_reactive_control' returned '0': PYTHONPATH=/home/eia/ros2_mujoco_integration/build/amr_reactive_control/prefix_override:/home/eia/.local/lib/python3.10/site-packages/colcon_core/task/python/colcon_distutils_commands:/home/eia/ros2_mujoco_integration/install/amr_reactive_control/lib/python3.10/site-packages:${PYTHONPATH} /usr/bin/python3 -W ignore:setup.py install is deprecated -W ignore:easy_install command is deprecated setup.py develop --editable --build-directory /home/eia/ros2_mujoco_integration/build/amr_reactive_control/build --no-deps symlink_data
[1.545s] INFO:colcon.colcon_core.shell:Creating environment descriptor '/home/eia/ros2_mujoco_integration/build/amr_reactive_control/share/amr_reactive_control/hook/pythonpath_develop.dsv'
[1.545s] INFO:colcon.colcon_core.shell:Creating environment hook '/home/eia/ros2_mujoco_integration/build/amr_reactive_control/share/amr_reactive_control/hook/pythonpath_develop.sh'
[1.547s] Level 1:colcon.colcon_core.environment:checking '/home/eia/ros2_mujoco_integration/install/amr_reactive_control' for CMake module files
[1.547s] Level 1:colcon.colcon_core.environment:checking '/home/eia/ros2_mujoco_integration/install/amr_reactive_control' for CMake config files
[1.548s] Level 1:colcon.colcon_core.environment:checking '/home/eia/ros2_mujoco_integration/install/amr_reactive_control/lib'
[1.548s] Level 1:colcon.colcon_core.environment:checking '/home/eia/ros2_mujoco_integration/install/amr_reactive_control/bin'
[1.548s] Level 1:colcon.colcon_core.environment:checking '/home/eia/ros2_mujoco_integration/install/amr_reactive_control/lib/pkgconfig/amr_reactive_control.pc'
[1.548s] Level 1:colcon.colcon_core.environment:checking '/home/eia/ros2_mujoco_integration/install/amr_reactive_control/lib/python3.10/site-packages'
[1.548s] Level 1:colcon.colcon_core.shell:create_environment_hook('amr_reactive_control', 'pythonpath')
[1.548s] INFO:colcon.colcon_core.shell:Creating environment hook '/home/eia/ros2_mujoco_integration/install/amr_reactive_control/share/amr_reactive_control/hook/pythonpath.ps1'
[1.548s] INFO:colcon.colcon_core.shell:Creating environment descriptor '/home/eia/ros2_mujoco_integration/install/amr_reactive_control/share/amr_reactive_control/hook/pythonpath.dsv'
[1.549s] INFO:colcon.colcon_core.shell:Creating environment hook '/home/eia/ros2_mujoco_integration/install/amr_reactive_control/share/amr_reactive_control/hook/pythonpath.sh'
[1.549s] Level 1:colcon.colcon_core.environment:checking '/home/eia/ros2_mujoco_integration/install/amr_reactive_control/bin'
[1.549s] Level 1:colcon.colcon_core.environment:create_environment_scripts_only(amr_reactive_control)
[1.549s] INFO:colcon.colcon_core.shell:Creating package script '/home/eia/ros2_mujoco_integration/install/amr_reactive_control/share/amr_reactive_control/package.ps1'
[1.550s] INFO:colcon.colcon_core.shell:Creating package descriptor '/home/eia/ros2_mujoco_integration/install/amr_reactive_control/share/amr_reactive_control/package.dsv'
[1.550s] INFO:colcon.colcon_core.shell:Creating package script '/home/eia/ros2_mujoco_integration/install/amr_reactive_control/share/amr_reactive_control/package.sh'
[1.551s] INFO:colcon.colcon_core.shell:Creating package script '/home/eia/ros2_mujoco_integration/install/amr_reactive_control/share/amr_reactive_control/package.bash'
[1.552s] INFO:colcon.colcon_core.shell:Creating package script '/home/eia/ros2_mujoco_integration/install/amr_reactive_control/share/amr_reactive_control/package.zsh'
[1.552s] Level 1:colcon.colcon_core.environment:create_file_with_runtime_dependencies(/home/eia/ros2_mujoco_integration/install/amr_reactive_control/share/colcon-core/packages/amr_reactive_control)
[1.555s] Level 1:colcon.colcon_core.shell:create_environment_hook('amr_sim_2511_charlie', 'pythonpath_develop')
[1.555s] DEBUG:colcon.colcon_core.event_handler.log_command:Invoked command in '/home/eia/ros2_mujoco_integration/build/amr_sim_2511_charlie' returned '0': PYTHONPATH=/home/eia/ros2_mujoco_integration/build/amr_sim_2511_charlie/prefix_override:/home/eia/.local/lib/python3.10/site-packages/colcon_core/task/python/colcon_distutils_commands:/home/eia/ros2_mujoco_integration/install/amr_sim_2511_charlie/lib/python3.10/site-packages:${PYTHONPATH} /usr/bin/python3 -W ignore:setup.py install is deprecated -W ignore:easy_install command is deprecated setup.py develop --editable --build-directory /home/eia/ros2_mujoco_integration/build/amr_sim_2511_charlie/build --no-deps symlink_data
[1.556s] INFO:colcon.colcon_core.shell:Creating environment hook '/home/eia/ros2_mujoco_integration/build/amr_sim_2511_charlie/share/amr_sim_2511_charlie/hook/pythonpath_develop.ps1'
[1.556s] INFO:colcon.colcon_core.shell:Creating environment descriptor '/home/eia/ros2_mujoco_integration/build/amr_sim_2511_charlie/share/amr_sim_2511_charlie/hook/pythonpath_develop.dsv'
[1.556s] INFO:colcon.colcon_core.shell:Creating environment hook '/home/eia/ros2_mujoco_integration/build/amr_sim_2511_charlie/share/amr_sim_2511_charlie/hook/pythonpath_develop.sh'
[1.557s] Level 1:colcon.colcon_core.environment:checking '/home/eia/ros2_mujoco_integration/install/amr_sim_2511_charlie' for CMake module files
[1.557s] Level 1:colcon.colcon_core.environment:checking '/home/eia/ros2_mujoco_integration/install/amr_sim_2511_charlie' for CMake config files
[1.557s] Level 1:colcon.colcon_core.environment:checking '/home/eia/ros2_mujoco_integration/install/amr_sim_2511_charlie/lib'
[1.557s] Level 1:colcon.colcon_core.environment:checking '/home/eia/ros2_mujoco_integration/install/amr_sim_2511_charlie/bin'
[1.557s] Level 1:colcon.colcon_core.environment:checking '/home/eia/ros2_mujoco_integration/install/amr_sim_2511_charlie/lib/pkgconfig/amr_sim_2511_charlie.pc'
[1.558s] Level 1:colcon.colcon_core.environment:checking '/home/eia/ros2_mujoco_integration/install/amr_sim_2511_charlie/lib/python3.10/site-packages'
[1.558s] Level 1:colcon.colcon_core.shell:create_environment_hook('amr_sim_2511_charlie', 'pythonpath')
[1.558s] INFO:colcon.colcon_core.shell:Creating environment hook '/home/eia/ros2_mujoco_integration/install/amr_sim_2511_charlie/share/amr_sim_2511_charlie/hook/pythonpath.ps1'
[1.558s] INFO:colcon.colcon_core.shell:Creating environment descriptor '/home/eia/ros2_mujoco_integration/install/amr_sim_2511_charlie/share/amr_sim_2511_charlie/hook/pythonpath.dsv'
[1.558s] INFO:colcon.colcon_core.shell:Creating environment hook '/home/eia/ros2_mujoco_integration/install/amr_sim_2511_charlie/share/amr_sim_2511_charlie/hook/pythonpath.sh'
[1.559s] Level 1:colcon.colcon_core.environment:checking '/home/eia/ros2_mujoco_integration/install/amr_sim_2511_charlie/bin'
[1.559s] Level 1:colcon.colcon_core.environment:create_environment_scripts_only(amr_sim_2511_charlie)
[1.559s] INFO:colcon.colcon_core.shell:Creating package script '/home/eia/ros2_mujoco_integration/install/amr_sim_2511_charlie/share/amr_sim_2511_charlie/package.ps1'
[1.559s] INFO:colcon.colcon_core.shell:Creating package descriptor '/home/eia/ros2_mujoco_integration/install/amr_sim_2511_charlie/share/amr_sim_2511_charlie/package.dsv'
[1.560s] INFO:colcon.colcon_core.shell:Creating package script '/home/eia/ros2_mujoco_integration/install/amr_sim_2511_charlie/share/amr_sim_2511_charlie/package.sh'
[1.560s] INFO:colcon.colcon_core.shell:Creating package script '/home/eia/ros2_mujoco_integration/install/amr_sim_2511_charlie/share/amr_sim_2511_charlie/package.bash'
[1.560s] INFO:colcon.colcon_core.shell:Creating package script '/home/eia/ros2_mujoco_integration/install/amr_sim_2511_charlie/share/amr_sim_2511_charlie/package.zsh'
[1.560s] Level 1:colcon.colcon_core.environment:create_file_with_runtime_dependencies(/home/eia/ros2_mujoco_integration/install/amr_sim_2511_charlie/share/colcon-core/packages/amr_sim_2511_charlie)
[1.560s] DEBUG:colcon.colcon_parallel_executor.executor.parallel:closing loop
[1.561s] DEBUG:colcon.colcon_parallel_executor.executor.parallel:loop closed
[1.561s] DEBUG:colcon.colcon_parallel_executor.executor.parallel:run_until_complete finished with '0'
[1.561s] DEBUG:colcon.colcon_core.event_reactor:joining thread
[1.564s] INFO:colcon.colcon_core.plugin_system:Skipping extension 'colcon_notification.desktop_notification.terminal_notifier': Not used on non-Darwin systems
[1.564s] INFO:colcon.colcon_core.plugin_system:Skipping extension 'colcon_notification.desktop_notification.win32': Not used on non-Windows systems
[1.564s] INFO:colcon.colcon_notification.desktop_notification:Sending desktop notification using 'notify2'
[1.573s] DEBUG:colcon.colcon_core.event_reactor:joined thread
[1.573s] INFO:colcon.colcon_core.shell:Creating prefix script '/home/eia/ros2_mujoco_integration/install/local_setup.ps1'
[1.574s] INFO:colcon.colcon_core.shell:Creating prefix util module '/home/eia/ros2_mujoco_integration/install/_local_setup_util_ps1.py'
[1.575s] INFO:colcon.colcon_core.shell:Creating prefix chain script '/home/eia/ros2_mujoco_integration/install/setup.ps1'
[1.575s] INFO:colcon.colcon_core.shell:Creating prefix script '/home/eia/ros2_mujoco_integration/install/local_setup.sh'
[1.576s] INFO:colcon.colcon_core.shell:Creating prefix util module '/home/eia/ros2_mujoco_integration/install/_local_setup_util_sh.py'
[1.576s] INFO:colcon.colcon_core.shell:Creating prefix chain script '/home/eia/ros2_mujoco_integration/install/setup.sh'
[1.577s] INFO:colcon.colcon_core.shell:Creating prefix script '/home/eia/ros2_mujoco_integration/install/local_setup.bash'
[1.577s] INFO:colcon.colcon_core.shell:Creating prefix chain script '/home/eia/ros2_mujoco_integration/install/setup.bash'
[1.578s] INFO:colcon.colcon_core.shell:Creating prefix script '/home/eia/ros2_mujoco_integration/install/local_setup.zsh'
[1.578s] INFO:colcon.colcon_core.shell:Creating prefix chain script '/home/eia/ros2_mujoco_integration/install/setup.zsh'
